[
  {
    "location": {
      "latitude": 10.0,
      "longitude": 20.0
    },
    "name": "test NAME qwerty 66",
    "owner": "man in the box"
  }
]